// Jest Snapshot v1, https://goo.gl/fbAQLP

exports[`Lista sin propiedades Listado con propiedades 1`] = `
<div>
  <Connect(SumaTotal) />
  <h1>
    Expenses
  </h1>
  <h1>
    No hay expenses
  </h1>
</div>
`;

exports[`Lista sin propiedades Listado con propiedades 2`] = `
<div>
  <Connect(SumaTotal) />
  <h1>
    Expenses
  </h1>
  <ul>
    <Expense
      creadoEl={604800000}
      descripcion="Algo perron"
      id="1"
      key="1"
      monto={100}
      nombre="Afro"
    />
    <Expense
      creadoEl={-604800000}
      descripcion="GG izi"
      id="2"
      key="2"
      monto={200}
      nombre="Poky"
    />
    <Expense
      creadoEl={0}
      descripcion="Algo chido"
      id="3"
      key="3"
      monto={300}
      nombre="Tupak"
    />
  </ul>
</div>
`;
